2025-05-23 16:58:42,503 [Worker-6: Loading available Gradle versions] INFO  o.e.b.c.i.u.g.PublishedGradleVersions - Gradle version information cache is up-to-date. Trying to read.
2025-05-23 17:16:41,245 [Worker-16: Import Getting Started Content] INFO  o.e.m.c.i.l.LifecycleMappingFactory - Using org.eclipse.m2e.jdt.JarLifecycleMapping lifecycle mapping for MavenProject: com.pm:Patient-Services:0.0.1-SNAPSHOT @ C:\Users\Aadi\Documents\workspace-spring-tool-suite-4-4.22.0.RELEASE\Patient Management\Patient-Services\pom.xml.
2025-05-23 17:16:59,929 [Worker-16: Import Getting Started Content] INFO  o.e.m.j.i.AbstractJavaProjectConfigurator - Adding source folder /Patient-Services/src/main/java
2025-05-23 17:16:59,934 [Worker-16: Import Getting Started Content] INFO  o.e.m.j.i.AbstractJavaProjectConfigurator - Adding resource folder /Patient-Services/src/main/resources
2025-05-23 17:16:59,957 [Worker-16: Import Getting Started Content] INFO  o.e.m.j.i.AbstractJavaProjectConfigurator - Adding resource folder /Patient-Services/src/main/resources
2025-05-23 17:16:59,976 [Worker-16: Import Getting Started Content] INFO  o.e.m.j.i.AbstractJavaProjectConfigurator - Adding source folder /Patient-Services/src/test/java
2025-05-23 17:16:59,979 [Worker-16: Import Getting Started Content] INFO  o.e.m.j.i.AbstractJavaProjectConfigurator - Adding resource folder /Patient-Services/src/test/resources
2025-05-23 17:17:12,805 [Worker-16: Import Getting Started Content] INFO  o.e.m.c.i.p.ProjectConfigurationManager - Imported and configured 1 project(s) in 45 sec
2025-05-23 17:17:12,815 [Worker-16: Import Getting Started Content] INFO  o.e.m.c.i.p.ProjectConfigurationManager - Update started
2025-05-23 17:17:13,970 [Worker-16: Import Getting Started Content] INFO  o.e.m.c.i.l.LifecycleMappingFactory - Using org.eclipse.m2e.jdt.JarLifecycleMapping lifecycle mapping for MavenProject: com.pm:Patient-Services:0.0.1-SNAPSHOT @ C:\Users\Aadi\Documents\workspace-spring-tool-suite-4-4.22.0.RELEASE\Patient Management\Patient-Services\pom.xml.
2025-05-23 17:17:16,374 [Worker-16: Import Getting Started Content] INFO  o.e.m.j.i.AbstractJavaProjectConfigurator - Adding source folder /Patient-Services/src/main/java
2025-05-23 17:17:16,376 [Worker-16: Import Getting Started Content] INFO  o.e.m.j.i.AbstractJavaProjectConfigurator - Adding resource folder /Patient-Services/src/main/resources
2025-05-23 17:17:16,380 [Worker-16: Import Getting Started Content] INFO  o.e.m.j.i.AbstractJavaProjectConfigurator - Adding resource folder /Patient-Services/src/main/resources
2025-05-23 17:17:16,382 [Worker-16: Import Getting Started Content] INFO  o.e.m.j.i.AbstractJavaProjectConfigurator - Adding source folder /Patient-Services/src/test/java
2025-05-23 17:17:16,389 [Worker-16: Import Getting Started Content] INFO  o.e.m.j.i.AbstractJavaProjectConfigurator - Adding resource folder /Patient-Services/src/test/resources
2025-05-23 17:17:19,162 [Worker-16: Import Getting Started Content] INFO  o.e.m.c.i.p.ProjectConfigurationManager - Update completed for 1 poms: local refresh takes 0.00 sec, refresh facades takes 3.00 sec, update config takes 1.00 sec 
2025-05-23 17:17:19,312 [Worker-19: Updating Maven Project] INFO  o.e.m.c.i.p.ProjectConfigurationManager - Update started
2025-05-23 17:17:20,458 [Worker-19: Updating Maven Project] INFO  o.e.m.c.i.l.LifecycleMappingFactory - Using org.eclipse.m2e.jdt.JarLifecycleMapping lifecycle mapping for MavenProject: com.pm:Patient-Services:0.0.1-SNAPSHOT @ C:\Users\Aadi\Documents\workspace-spring-tool-suite-4-4.22.0.RELEASE\Patient Management\Patient-Services\pom.xml.
2025-05-23 17:17:22,258 [Worker-19: Updating Maven Project] INFO  o.e.m.j.i.AbstractJavaProjectConfigurator - Adding source folder /Patient-Services/src/main/java
2025-05-23 17:17:22,260 [Worker-19: Updating Maven Project] INFO  o.e.m.j.i.AbstractJavaProjectConfigurator - Adding resource folder /Patient-Services/src/main/resources
2025-05-23 17:17:22,263 [Worker-19: Updating Maven Project] INFO  o.e.m.j.i.AbstractJavaProjectConfigurator - Adding resource folder /Patient-Services/src/main/resources
2025-05-23 17:17:22,266 [Worker-19: Updating Maven Project] INFO  o.e.m.j.i.AbstractJavaProjectConfigurator - Adding source folder /Patient-Services/src/test/java
2025-05-23 17:17:22,267 [Worker-19: Updating Maven Project] INFO  o.e.m.j.i.AbstractJavaProjectConfigurator - Adding resource folder /Patient-Services/src/test/resources
2025-05-23 17:17:23,278 [Worker-19: Updating Maven Project] INFO  o.e.m.c.i.p.ProjectConfigurationManager - Update completed for 1 poms: local refresh takes 0.00 sec, refresh facades takes 2.00 sec, update config takes 0.00 sec 
2025-05-23 17:17:24,471 [Worker-17: Building] INFO  o.a.m.s.f.DefaultMavenResourcesFiltering - Copying 1 resource from src\main\resources to target\classes
2025-05-23 17:17:24,509 [Worker-17: Building] INFO  o.a.m.s.f.DefaultMavenResourcesFiltering - Copying 0 resource from src\main\resources to target\classes
2025-05-23 17:17:24,520 [Worker-17: Building] INFO  o.a.m.s.f.DefaultMavenResourcesFiltering - skip non existing resourceDirectory C:\Users\Aadi\Documents\workspace-spring-tool-suite-4-4.22.0.RELEASE\Patient Management\Patient-Services\src\test\resources
2025-05-23 17:21:57,044 [Worker-7: Loading available Gradle versions] INFO  o.e.b.c.i.u.g.PublishedGradleVersions - Gradle version information cache is up-to-date. Trying to read.
2025-05-23 17:23:43,315 [Worker-7: Loading available Gradle versions] INFO  o.e.b.c.i.u.g.PublishedGradleVersions - Gradle version information cache is up-to-date. Trying to read.
2025-05-23 17:46:54,357 [Worker-6: Building] INFO  o.a.m.s.f.DefaultMavenResourcesFiltering - Copying 1 resource from src\main\resources to target\classes
2025-05-23 17:46:54,395 [Worker-6: Building] INFO  o.a.m.s.f.DefaultMavenResourcesFiltering - Copying 0 resource from src\main\resources to target\classes
2025-05-23 17:46:54,401 [Worker-6: Building] INFO  o.a.m.s.f.DefaultMavenResourcesFiltering - skip non existing resourceDirectory C:\Users\Aadi\Documents\workspace-spring-tool-suite-4-4.22.0.RELEASE\Patient Management\Patient-Services\src\test\resources
2025-05-23 17:47:12,721 [Worker-19: Building] INFO  o.a.m.s.f.DefaultMavenResourcesFiltering - Copying 1 resource from src\main\resources to target\classes
2025-05-23 17:47:12,737 [Worker-19: Building] INFO  o.a.m.s.f.DefaultMavenResourcesFiltering - Copying 0 resource from src\main\resources to target\classes
2025-05-23 17:47:12,750 [Worker-19: Building] INFO  o.a.m.s.f.DefaultMavenResourcesFiltering - skip non existing resourceDirectory C:\Users\Aadi\Documents\workspace-spring-tool-suite-4-4.22.0.RELEASE\Patient Management\Patient-Services\src\test\resources
2025-05-23 17:51:37,413 [Start Help Server] INFO  org.eclipse.jetty.server.Server - jetty-12.0.6; built: 2024-01-30T02:43:24.387Z; git: 78ab6e6ba163f89cdd97f2ae0283fbb5e371cfaf; jvm 17.0.10+7
2025-05-23 17:51:37,507 [Start Help Server] INFO  o.e.j.server.handler.ContextHandler - Started oeje8n.ContextHandler$CoreContextHandler@2c7eae8a{/help,/help,b=null,a=AVAILABLE,h=oeje8n.ContextHandler$CoreContextHandler$CoreToNestedHandler@23b9500f{STARTED}}
2025-05-23 17:51:37,508 [Start Help Server] INFO  o.e.j.s.DefaultSessionIdManager - Session workerName=node0
2025-05-23 17:51:37,548 [Start Help Server] INFO  o.e.jetty.server.AbstractConnector - Started ServerConnector@49272435{HTTP/1.1, (http/1.1)}{127.0.0.1:59288}
2025-05-23 17:51:37,574 [Start Help Server] INFO  org.eclipse.jetty.server.Server - Started oejs.Server@5e7aa894{STARTING}[12.0.6,sto=0] @1709571ms
2025-05-23 17:58:16,184 [Worker-24: Building] INFO  o.a.m.s.f.DefaultMavenResourcesFiltering - Copying 1 resource from src\main\resources to target\classes
2025-05-23 17:58:16,215 [Worker-24: Building] INFO  o.a.m.s.f.DefaultMavenResourcesFiltering - Copying 0 resource from src\main\resources to target\classes
2025-05-23 17:58:16,224 [Worker-24: Building] INFO  o.a.m.s.f.DefaultMavenResourcesFiltering - skip non existing resourceDirectory C:\Users\Aadi\Documents\workspace-spring-tool-suite-4-4.22.0.RELEASE\Patient Management\Patient-Services\src\test\resources
2025-05-23 17:58:17,511 [Stop Help Server] INFO  org.eclipse.jetty.server.Server - Stopped oejs.Server@5e7aa894{STOPPING}[12.0.6,sto=0]
2025-05-23 17:58:17,516 [Stop Help Server] INFO  o.e.jetty.server.AbstractConnector - Stopped ServerConnector@49272435{HTTP/1.1, (http/1.1)}{127.0.0.1:0}
2025-05-23 17:59:42,178 [Worker-0: Loading available Gradle versions] INFO  o.e.b.c.i.u.g.PublishedGradleVersions - Gradle version information cache is up-to-date. Trying to read.
2025-05-23 18:02:43,361 [Start Help Server] INFO  org.eclipse.jetty.server.Server - jetty-12.0.6; built: 2024-01-30T02:43:24.387Z; git: 78ab6e6ba163f89cdd97f2ae0283fbb5e371cfaf; jvm 17.0.10+7
2025-05-23 18:02:43,451 [Start Help Server] INFO  o.e.j.server.handler.ContextHandler - Started oeje8n.ContextHandler$CoreContextHandler@1523cde6{/help,/help,b=null,a=AVAILABLE,h=oeje8n.ContextHandler$CoreContextHandler$CoreToNestedHandler@7da9fe25{STARTED}}
2025-05-23 18:02:43,452 [Start Help Server] INFO  o.e.j.s.DefaultSessionIdManager - Session workerName=node0
2025-05-23 18:02:43,506 [Start Help Server] INFO  o.e.jetty.server.AbstractConnector - Started ServerConnector@5d4bf2{HTTP/1.1, (http/1.1)}{127.0.0.1:59414}
2025-05-23 18:02:43,529 [Start Help Server] INFO  org.eclipse.jetty.server.Server - Started oejs.Server@2e34143c{STARTING}[12.0.6,sto=0] @262179ms
2025-05-23 18:03:59,893 [Worker-2: Building] INFO  o.a.m.s.f.DefaultMavenResourcesFiltering - Copying 1 resource from src\main\resources to target\classes
2025-05-23 18:03:59,917 [Worker-2: Building] INFO  o.a.m.s.f.DefaultMavenResourcesFiltering - Copying 0 resource from src\main\resources to target\classes
2025-05-23 18:03:59,928 [Worker-2: Building] INFO  o.a.m.s.f.DefaultMavenResourcesFiltering - skip non existing resourceDirectory C:\Users\Aadi\Documents\workspace-spring-tool-suite-4-4.22.0.RELEASE\Patient Management\Patient-Services\src\test\resources
2025-05-23 18:04:01,736 [Stop Help Server] INFO  org.eclipse.jetty.server.Server - Stopped oejs.Server@2e34143c{STOPPING}[12.0.6,sto=0]
2025-05-23 18:04:01,740 [Stop Help Server] INFO  o.e.jetty.server.AbstractConnector - Stopped ServerConnector@5d4bf2{HTTP/1.1, (http/1.1)}{127.0.0.1:0}
2025-05-23 18:04:51,308 [Worker-2: Loading available Gradle versions] INFO  o.e.b.c.i.u.g.PublishedGradleVersions - Gradle version information cache is up-to-date. Trying to read.
2025-05-23 18:05:10,733 [Start Help Server] INFO  org.eclipse.jetty.server.Server - jetty-12.0.6; built: 2024-01-30T02:43:24.387Z; git: 78ab6e6ba163f89cdd97f2ae0283fbb5e371cfaf; jvm 17.0.10+7
2025-05-23 18:05:10,836 [Start Help Server] INFO  o.e.j.server.handler.ContextHandler - Started oeje8n.ContextHandler$CoreContextHandler@1f7e97a8{/help,/help,b=null,a=AVAILABLE,h=oeje8n.ContextHandler$CoreContextHandler$CoreToNestedHandler@36397d31{STARTED}}
2025-05-23 18:05:10,837 [Start Help Server] INFO  o.e.j.s.DefaultSessionIdManager - Session workerName=node0
2025-05-23 18:05:10,882 [Start Help Server] INFO  o.e.jetty.server.AbstractConnector - Started ServerConnector@11de1d3b{HTTP/1.1, (http/1.1)}{127.0.0.1:59433}
2025-05-23 18:05:10,905 [Start Help Server] INFO  org.eclipse.jetty.server.Server - Started oejs.Server@c862ea2{STARTING}[12.0.6,sto=0] @59890ms
2025-05-23 18:11:28,301 [Worker-8: Building] INFO  o.a.m.s.f.DefaultMavenResourcesFiltering - Copying 1 resource from src\main\resources to target\classes
2025-05-23 18:11:28,366 [Worker-8: Building] INFO  o.a.m.s.f.DefaultMavenResourcesFiltering - Copying 0 resource from src\main\resources to target\classes
2025-05-23 18:11:28,377 [Worker-8: Building] INFO  o.a.m.s.f.DefaultMavenResourcesFiltering - skip non existing resourceDirectory C:\Users\Aadi\Documents\workspace-spring-tool-suite-4-4.22.0.RELEASE\Patient Management\Patient-Services\src\test\resources
2025-05-23 18:14:11,928 [Worker-8: Building] INFO  o.a.m.s.f.DefaultMavenResourcesFiltering - Copying 1 resource from src\main\resources to target\classes
2025-05-23 18:14:11,940 [Worker-8: Building] INFO  o.a.m.s.f.DefaultMavenResourcesFiltering - Copying 0 resource from src\main\resources to target\classes
2025-05-23 18:14:11,948 [Worker-8: Building] INFO  o.a.m.s.f.DefaultMavenResourcesFiltering - skip non existing resourceDirectory C:\Users\Aadi\Documents\workspace-spring-tool-suite-4-4.22.0.RELEASE\Patient Management\Patient-Services\src\test\resources
2025-05-23 18:16:28,178 [Worker-6: Building] INFO  o.e.m.c.i.l.LifecycleMappingFactory - Using org.eclipse.m2e.jdt.JarLifecycleMapping lifecycle mapping for MavenProject: com.pm:Patient-Services:0.0.1-SNAPSHOT @ C:\Users\Aadi\Documents\workspace-spring-tool-suite-4-4.22.0.RELEASE\Patient Management\Patient-Services\pom.xml.
2025-05-23 18:16:29,361 [Worker-6: Building] INFO  o.e.m.c.i.e.AbstractTransferListenerAdapter - Downloaded https://repo.maven.apache.org/maven2/com/h2database/h2/2.3.232/h2-2.3.232.pom
2025-05-23 18:16:30,540 [Worker-6: Building] INFO  o.a.m.s.f.DefaultMavenResourcesFiltering - Copying 0 resource from src\main\resources to target\classes
2025-05-23 18:16:30,542 [Worker-6: Building] INFO  o.a.m.s.f.DefaultMavenResourcesFiltering - Copying 0 resource from src\main\resources to target\classes
2025-05-23 18:16:30,551 [Worker-6: Building] INFO  o.a.m.s.f.DefaultMavenResourcesFiltering - skip non existing resourceDirectory C:\Users\Aadi\Documents\workspace-spring-tool-suite-4-4.22.0.RELEASE\Patient Management\Patient-Services\src\test\resources
2025-05-23 18:16:31,241 [Worker-19: Download sources and javadoc] INFO  o.e.m.c.i.e.AbstractTransferListenerAdapter - Downloaded https://repo.maven.apache.org/maven2/com/h2database/h2/2.3.232/h2-2.3.232-sources.jar
2025-05-23 18:16:31,246 [Worker-19: Download sources and javadoc] ERROR o.e.m.j.internal.DownloadSourcesJob - Could not download sources for com.h2database:h2:2.3.232
org.eclipse.core.runtime.CoreException: Could not resolve artifact com.h2database:h2:jar:sources:2.3.232
	at org.eclipse.m2e.core.internal.embedder.MavenImpl.lambda$7(MavenImpl.java:540)
	at org.eclipse.m2e.core.internal.embedder.MavenExecutionContext.executeBare(MavenExecutionContext.java:458)
	at org.eclipse.m2e.core.internal.embedder.MavenExecutionContext.execute(MavenExecutionContext.java:292)
	at org.eclipse.m2e.core.internal.embedder.MavenExecutionContext.execute(MavenExecutionContext.java:278)
	at org.eclipse.m2e.core.internal.embedder.MavenImpl.resolve(MavenImpl.java:509)
	at org.eclipse.m2e.core.internal.embedder.MavenImpl.resolve(MavenImpl.java:494)
	at org.eclipse.m2e.jdt.internal.DownloadSourcesJob.download(DownloadSourcesJob.java:308)
	at org.eclipse.m2e.jdt.internal.DownloadSourcesJob.downloadAttachments(DownloadSourcesJob.java:282)
	at org.eclipse.m2e.jdt.internal.DownloadSourcesJob.downloadMaven(DownloadSourcesJob.java:252)
	at org.eclipse.m2e.jdt.internal.DownloadSourcesJob.downloadFilesAndPopulateToUpdate(DownloadSourcesJob.java:220)
	at org.eclipse.m2e.jdt.internal.DownloadSourcesJob.lambda$0(DownloadSourcesJob.java:149)
	at org.eclipse.m2e.core.internal.embedder.MavenExecutionContext.executeBare(MavenExecutionContext.java:458)
	at org.eclipse.m2e.core.internal.embedder.MavenExecutionContext.execute(MavenExecutionContext.java:339)
	at org.eclipse.m2e.core.internal.embedder.MavenExecutionContext.execute(MavenExecutionContext.java:278)
	at org.eclipse.m2e.core.embedder.IMaven.execute(IMaven.java:300)
	at org.eclipse.m2e.jdt.internal.DownloadSourcesJob.run(DownloadSourcesJob.java:149)
	at org.eclipse.core.internal.jobs.Worker.run(Worker.java:63)
2025-05-23 18:16:41,843 [Worker-14: Updating Maven Project] INFO  o.e.m.c.i.p.ProjectConfigurationManager - Update started
2025-05-23 18:16:42,413 [Worker-14: Updating Maven Project] INFO  o.e.m.c.i.l.LifecycleMappingFactory - Using org.eclipse.m2e.jdt.JarLifecycleMapping lifecycle mapping for MavenProject: com.pm:Patient-Services:0.0.1-SNAPSHOT @ C:\Users\Aadi\Documents\workspace-spring-tool-suite-4-4.22.0.RELEASE\Patient Management\Patient-Services\pom.xml.
2025-05-23 18:16:43,682 [Worker-14: Updating Maven Project] INFO  o.e.m.j.i.AbstractJavaProjectConfigurator - Adding source folder /Patient-Services/src/main/java
2025-05-23 18:16:43,689 [Worker-14: Updating Maven Project] INFO  o.e.m.j.i.AbstractJavaProjectConfigurator - Adding resource folder /Patient-Services/src/main/resources
2025-05-23 18:16:43,692 [Worker-14: Updating Maven Project] INFO  o.e.m.j.i.AbstractJavaProjectConfigurator - Adding resource folder /Patient-Services/src/main/resources
2025-05-23 18:16:43,694 [Worker-14: Updating Maven Project] INFO  o.e.m.j.i.AbstractJavaProjectConfigurator - Adding source folder /Patient-Services/src/test/java
2025-05-23 18:16:43,696 [Worker-14: Updating Maven Project] INFO  o.e.m.j.i.AbstractJavaProjectConfigurator - Adding resource folder /Patient-Services/src/test/resources
2025-05-23 18:16:44,309 [Worker-14: Updating Maven Project] INFO  o.e.m.c.i.p.ProjectConfigurationManager - Update completed for 1 poms: local refresh takes 0.00 sec, refresh facades takes 1.00 sec, update config takes 0.00 sec 
2025-05-23 18:16:44,527 [Worker-16: Download sources and javadoc] INFO  o.e.m.c.i.e.AbstractTransferListenerAdapter - Downloaded https://repo.maven.apache.org/maven2/com/h2database/h2/2.3.232/h2-2.3.232-javadoc.jar
2025-05-23 18:16:44,531 [Worker-16: Download sources and javadoc] ERROR o.e.m.j.internal.DownloadSourcesJob - Could not download javadoc for com.h2database:h2:2.3.232
org.eclipse.core.runtime.CoreException: Could not resolve artifact com.h2database:h2:jar:javadoc:2.3.232
	at org.eclipse.m2e.core.internal.embedder.MavenImpl.lambda$7(MavenImpl.java:540)
	at org.eclipse.m2e.core.internal.embedder.MavenExecutionContext.executeBare(MavenExecutionContext.java:458)
	at org.eclipse.m2e.core.internal.embedder.MavenExecutionContext.execute(MavenExecutionContext.java:292)
	at org.eclipse.m2e.core.internal.embedder.MavenExecutionContext.execute(MavenExecutionContext.java:278)
	at org.eclipse.m2e.core.internal.embedder.MavenImpl.resolve(MavenImpl.java:509)
	at org.eclipse.m2e.core.internal.embedder.MavenImpl.resolve(MavenImpl.java:494)
	at org.eclipse.m2e.jdt.internal.DownloadSourcesJob.download(DownloadSourcesJob.java:308)
	at org.eclipse.m2e.jdt.internal.DownloadSourcesJob.downloadAttachments(DownloadSourcesJob.java:294)
	at org.eclipse.m2e.jdt.internal.DownloadSourcesJob.downloadMaven(DownloadSourcesJob.java:252)
	at org.eclipse.m2e.jdt.internal.DownloadSourcesJob.downloadFilesAndPopulateToUpdate(DownloadSourcesJob.java:220)
	at org.eclipse.m2e.jdt.internal.DownloadSourcesJob.lambda$0(DownloadSourcesJob.java:149)
	at org.eclipse.m2e.core.internal.embedder.MavenExecutionContext.executeBare(MavenExecutionContext.java:458)
	at org.eclipse.m2e.core.internal.embedder.MavenExecutionContext.execute(MavenExecutionContext.java:339)
	at org.eclipse.m2e.core.internal.embedder.MavenExecutionContext.execute(MavenExecutionContext.java:278)
	at org.eclipse.m2e.core.embedder.IMaven.execute(IMaven.java:300)
	at org.eclipse.m2e.jdt.internal.DownloadSourcesJob.run(DownloadSourcesJob.java:149)
	at org.eclipse.core.internal.jobs.Worker.run(Worker.java:63)
2025-05-23 18:16:44,587 [Worker-11: Building] INFO  o.a.m.s.f.DefaultMavenResourcesFiltering - Copying 1 resource from src\main\resources to target\classes
2025-05-23 18:16:44,622 [Worker-11: Building] INFO  o.a.m.s.f.DefaultMavenResourcesFiltering - Copying 0 resource from src\main\resources to target\classes
2025-05-23 18:16:44,628 [Worker-11: Building] INFO  o.a.m.s.f.DefaultMavenResourcesFiltering - skip non existing resourceDirectory C:\Users\Aadi\Documents\workspace-spring-tool-suite-4-4.22.0.RELEASE\Patient Management\Patient-Services\src\test\resources
2025-05-23 18:25:42,893 [Worker-14: Building] INFO  o.a.m.s.f.DefaultMavenResourcesFiltering - Copying 1 resource from src\main\resources to target\classes
2025-05-23 18:25:42,925 [Worker-14: Building] INFO  o.a.m.s.f.DefaultMavenResourcesFiltering - Copying 0 resource from src\main\resources to target\classes
2025-05-23 18:25:42,936 [Worker-14: Building] INFO  o.a.m.s.f.DefaultMavenResourcesFiltering - skip non existing resourceDirectory C:\Users\Aadi\Documents\workspace-spring-tool-suite-4-4.22.0.RELEASE\Patient Management\Patient-Services\src\test\resources
2025-05-23 18:39:21,649 [Worker-16: Building] INFO  o.a.m.s.f.DefaultMavenResourcesFiltering - Copying 0 resource from src\main\resources to target\classes
2025-05-23 18:39:21,651 [Worker-16: Building] INFO  o.a.m.s.f.DefaultMavenResourcesFiltering - Copying 0 resource from src\main\resources to target\classes
2025-05-23 18:39:21,657 [Worker-16: Building] INFO  o.a.m.s.f.DefaultMavenResourcesFiltering - skip non existing resourceDirectory C:\Users\Aadi\Documents\workspace-spring-tool-suite-4-4.22.0.RELEASE\Patient Management\Patient-Services\src\test\resources
2025-05-23 18:40:16,505 [Worker-18: Building] INFO  o.a.m.s.f.DefaultMavenResourcesFiltering - Copying 0 resource from src\main\resources to target\classes
2025-05-23 18:40:16,508 [Worker-18: Building] INFO  o.a.m.s.f.DefaultMavenResourcesFiltering - Copying 0 resource from src\main\resources to target\classes
2025-05-23 18:40:16,514 [Worker-18: Building] INFO  o.a.m.s.f.DefaultMavenResourcesFiltering - skip non existing resourceDirectory C:\Users\Aadi\Documents\workspace-spring-tool-suite-4-4.22.0.RELEASE\Patient Management\Patient-Services\src\test\resources
2025-05-23 18:40:29,856 [Stop Help Server] INFO  org.eclipse.jetty.server.Server - Stopped oejs.Server@c862ea2{STOPPING}[12.0.6,sto=0]
2025-05-23 18:40:29,869 [Stop Help Server] INFO  o.e.jetty.server.AbstractConnector - Stopped ServerConnector@11de1d3b{HTTP/1.1, (http/1.1)}{127.0.0.1:0}
2025-05-23 18:41:04,647 [Worker-2: Loading available Gradle versions] INFO  o.e.b.c.i.u.g.PublishedGradleVersions - Gradle version information cache is up-to-date. Trying to read.
2025-05-23 18:45:28,397 [Worker-8: Updating Maven Project] INFO  o.e.m.c.i.p.ProjectConfigurationManager - Update started
2025-05-23 18:45:29,704 [Worker-8: Updating Maven Project] INFO  o.e.m.c.i.l.LifecycleMappingFactory - Using org.eclipse.m2e.jdt.JarLifecycleMapping lifecycle mapping for MavenProject: com.pm:Patient-Services:0.0.1-SNAPSHOT @ C:\Users\Aadi\Documents\workspace-spring-tool-suite-4-4.22.0.RELEASE\Patient Management\Patient-Services\pom.xml.
2025-05-23 18:45:31,229 [Worker-8: Updating Maven Project] INFO  o.e.m.c.i.e.AbstractTransferListenerAdapter - Downloading https://repo.maven.apache.org/maven2/com/h2database/h2/2.3.232/h2-2.3.232.pom
2025-05-23 18:45:31,320 [Worker-8: Updating Maven Project] INFO  o.e.m.c.i.e.AbstractTransferListenerAdapter - Downloaded https://repo.maven.apache.org/maven2/com/h2database/h2/2.3.232/h2-2.3.232.pom
2025-05-23 18:45:31,652 [Worker-8: Updating Maven Project] INFO  o.e.m.c.i.e.AbstractTransferListenerAdapter - Downloading https://repo.maven.apache.org/maven2/com/h2database/h2/2.3.232/h2-2.3.232.jar
2025-05-23 18:45:33,796 [Worker-8: Updating Maven Project] INFO  o.e.m.c.i.e.AbstractTransferListenerAdapter - Downloaded https://repo.maven.apache.org/maven2/com/h2database/h2/2.3.232/h2-2.3.232.jar
2025-05-23 18:45:34,820 [Worker-8: Updating Maven Project] INFO  o.e.m.j.i.AbstractJavaProjectConfigurator - Adding source folder /Patient-Services/src/main/java
2025-05-23 18:45:34,828 [Worker-8: Updating Maven Project] INFO  o.e.m.j.i.AbstractJavaProjectConfigurator - Adding resource folder /Patient-Services/src/main/resources
2025-05-23 18:45:34,831 [Worker-8: Updating Maven Project] INFO  o.e.m.j.i.AbstractJavaProjectConfigurator - Adding resource folder /Patient-Services/src/main/resources
2025-05-23 18:45:34,834 [Worker-8: Updating Maven Project] INFO  o.e.m.j.i.AbstractJavaProjectConfigurator - Adding source folder /Patient-Services/src/test/java
2025-05-23 18:45:34,838 [Worker-8: Updating Maven Project] INFO  o.e.m.j.i.AbstractJavaProjectConfigurator - Adding resource folder /Patient-Services/src/test/resources
2025-05-23 18:45:35,746 [Worker-8: Updating Maven Project] INFO  o.e.m.c.i.p.ProjectConfigurationManager - Update completed for 1 poms: local refresh takes 0.00 sec, refresh facades takes 6.00 sec, update config takes 1.00 sec 
2025-05-23 18:45:36,320 [Worker-21: Building] INFO  o.a.m.s.f.DefaultMavenResourcesFiltering - Copying 1 resource from src\main\resources to target\classes
2025-05-23 18:45:36,383 [Worker-21: Building] INFO  o.a.m.s.f.DefaultMavenResourcesFiltering - Copying 0 resource from src\main\resources to target\classes
2025-05-23 18:45:36,393 [Worker-21: Building] INFO  o.a.m.s.f.DefaultMavenResourcesFiltering - skip non existing resourceDirectory C:\Users\Aadi\Documents\workspace-spring-tool-suite-4-4.22.0.RELEASE\Patient Management\Patient-Services\src\test\resources
2025-05-23 19:07:59,987 [Worker-6: Building] INFO  o.a.m.s.f.DefaultMavenResourcesFiltering - Copying 0 resource from src\main\resources to target\classes
2025-05-23 19:07:59,995 [Worker-6: Building] INFO  o.a.m.s.f.DefaultMavenResourcesFiltering - Copying 1 resource from src\main\resources to target\classes
2025-05-23 19:08:00,011 [Worker-6: Building] INFO  o.a.m.s.f.DefaultMavenResourcesFiltering - skip non existing resourceDirectory C:\Users\Aadi\Documents\workspace-spring-tool-suite-4-4.22.0.RELEASE\Patient Management\Patient-Services\src\test\resources
2025-05-23 19:08:23,371 [Worker-23: Building] INFO  o.a.m.s.f.DefaultMavenResourcesFiltering - Copying 0 resource from src\main\resources to target\classes
2025-05-23 19:08:23,375 [Worker-23: Building] INFO  o.a.m.s.f.DefaultMavenResourcesFiltering - Copying 1 resource from src\main\resources to target\classes
2025-05-23 19:08:23,384 [Worker-23: Building] INFO  o.a.m.s.f.DefaultMavenResourcesFiltering - skip non existing resourceDirectory C:\Users\Aadi\Documents\workspace-spring-tool-suite-4-4.22.0.RELEASE\Patient Management\Patient-Services\src\test\resources
2025-05-23 19:09:51,026 [Worker-6: Building] INFO  o.a.m.s.f.DefaultMavenResourcesFiltering - Copying 1 resource from src\main\resources to target\classes
2025-05-23 19:09:51,099 [Worker-6: Building] INFO  o.a.m.s.f.DefaultMavenResourcesFiltering - Copying 0 resource from src\main\resources to target\classes
2025-05-23 19:09:51,112 [Worker-6: Building] INFO  o.a.m.s.f.DefaultMavenResourcesFiltering - skip non existing resourceDirectory C:\Users\Aadi\Documents\workspace-spring-tool-suite-4-4.22.0.RELEASE\Patient Management\Patient-Services\src\test\resources
2025-05-24 17:00:48,717 [Worker-4: Loading available Gradle versions] INFO  o.e.b.c.i.u.g.PublishedGradleVersions - Gradle version information cache is out-of-date. Trying to update.
2025-05-24 17:00:49,454 [Worker-4: Loading available Gradle versions] INFO  o.e.b.c.i.u.g.PublishedGradleVersions - Updating Gradle version information cache failed. Using outdated cache.
2025-05-24 17:03:33,601 [Worker-5: Building] INFO  o.a.m.s.f.DefaultMavenResourcesFiltering - Copying 1 resource from src\main\resources to target\classes
2025-05-24 17:03:33,687 [Worker-5: Building] INFO  o.a.m.s.f.DefaultMavenResourcesFiltering - Copying 1 resource from src\main\resources to target\classes
2025-05-24 17:03:33,698 [Worker-5: Building] INFO  o.a.m.s.f.DefaultMavenResourcesFiltering - skip non existing resourceDirectory C:\Users\Aadi\Documents\workspace-spring-tool-suite-4-4.22.0.RELEASE\Patient Management\Patient-Services\src\test\resources
2025-05-24 17:04:42,063 [Start Help Server] INFO  org.eclipse.jetty.server.Server - jetty-12.0.6; built: 2024-01-30T02:43:24.387Z; git: 78ab6e6ba163f89cdd97f2ae0283fbb5e371cfaf; jvm 17.0.10+7
2025-05-24 17:04:42,223 [Start Help Server] INFO  o.e.j.server.handler.ContextHandler - Started oeje8n.ContextHandler$CoreContextHandler@2cda926{/help,/help,b=null,a=AVAILABLE,h=oeje8n.ContextHandler$CoreContextHandler$CoreToNestedHandler@427ddfc9{STARTED}}
2025-05-24 17:04:42,225 [Start Help Server] INFO  o.e.j.s.DefaultSessionIdManager - Session workerName=node0
2025-05-24 17:04:42,314 [Start Help Server] INFO  o.e.jetty.server.AbstractConnector - Started ServerConnector@2beb07db{HTTP/1.1, (http/1.1)}{127.0.0.1:62910}
2025-05-24 17:04:42,374 [Start Help Server] INFO  org.eclipse.jetty.server.Server - Started oejs.Server@b6abaa{STARTING}[12.0.6,sto=0] @269032ms
2025-05-24 17:08:07,608 [Worker-14: Building] INFO  o.a.m.s.f.DefaultMavenResourcesFiltering - Copying 1 resource from src\main\resources to target\classes
2025-05-24 17:08:07,630 [Worker-14: Building] INFO  o.a.m.s.f.DefaultMavenResourcesFiltering - Copying 1 resource from src\main\resources to target\classes
2025-05-24 17:08:07,650 [Worker-14: Building] INFO  o.a.m.s.f.DefaultMavenResourcesFiltering - skip non existing resourceDirectory C:\Users\Aadi\Documents\workspace-spring-tool-suite-4-4.22.0.RELEASE\Patient Management\Patient-Services\src\test\resources
2025-05-24 17:08:24,058 [Worker-14: Building] INFO  o.a.m.s.f.DefaultMavenResourcesFiltering - Copying 1 resource from src\main\resources to target\classes
2025-05-24 17:08:24,087 [Worker-14: Building] INFO  o.a.m.s.f.DefaultMavenResourcesFiltering - Copying 1 resource from src\main\resources to target\classes
2025-05-24 17:08:24,097 [Worker-14: Building] INFO  o.a.m.s.f.DefaultMavenResourcesFiltering - skip non existing resourceDirectory C:\Users\Aadi\Documents\workspace-spring-tool-suite-4-4.22.0.RELEASE\Patient Management\Patient-Services\src\test\resources
2025-05-24 17:08:26,630 [Worker-13: Building] INFO  o.a.m.s.f.DefaultMavenResourcesFiltering - Copying 1 resource from src\main\resources to target\classes
2025-05-24 17:08:26,652 [Worker-13: Building] INFO  o.a.m.s.f.DefaultMavenResourcesFiltering - Copying 1 resource from src\main\resources to target\classes
2025-05-24 17:08:26,661 [Worker-13: Building] INFO  o.a.m.s.f.DefaultMavenResourcesFiltering - skip non existing resourceDirectory C:\Users\Aadi\Documents\workspace-spring-tool-suite-4-4.22.0.RELEASE\Patient Management\Patient-Services\src\test\resources
2025-05-24 17:14:24,938 [Worker-19: Building] INFO  o.a.m.s.f.DefaultMavenResourcesFiltering - Copying 1 resource from src\main\resources to target\classes
2025-05-24 17:14:24,983 [Worker-19: Building] INFO  o.a.m.s.f.DefaultMavenResourcesFiltering - Copying 1 resource from src\main\resources to target\classes
2025-05-24 17:14:24,996 [Worker-19: Building] INFO  o.a.m.s.f.DefaultMavenResourcesFiltering - skip non existing resourceDirectory C:\Users\Aadi\Documents\workspace-spring-tool-suite-4-4.22.0.RELEASE\Patient Management\Patient-Services\src\test\resources
2025-05-24 17:17:57,000 [Worker-13: Building] INFO  o.a.m.s.f.DefaultMavenResourcesFiltering - Copying 1 resource from src\main\resources to target\classes
2025-05-24 17:17:57,018 [Worker-13: Building] INFO  o.a.m.s.f.DefaultMavenResourcesFiltering - Copying 1 resource from src\main\resources to target\classes
2025-05-24 17:17:57,024 [Worker-13: Building] INFO  o.a.m.s.f.DefaultMavenResourcesFiltering - skip non existing resourceDirectory C:\Users\Aadi\Documents\workspace-spring-tool-suite-4-4.22.0.RELEASE\Patient Management\Patient-Services\src\test\resources
2025-05-24 17:21:40,518 [Worker-13: Building] INFO  o.a.m.s.f.DefaultMavenResourcesFiltering - Copying 1 resource from src\main\resources to target\classes
2025-05-24 17:21:40,542 [Worker-13: Building] INFO  o.a.m.s.f.DefaultMavenResourcesFiltering - Copying 1 resource from src\main\resources to target\classes
2025-05-24 17:21:40,553 [Worker-13: Building] INFO  o.a.m.s.f.DefaultMavenResourcesFiltering - skip non existing resourceDirectory C:\Users\Aadi\Documents\workspace-spring-tool-suite-4-4.22.0.RELEASE\Patient Management\Patient-Services\src\test\resources
2025-05-24 21:25:21,875 [Worker-27: Building] INFO  o.a.m.s.f.DefaultMavenResourcesFiltering - Copying 1 resource from src\main\resources to target\classes
2025-05-24 21:25:21,887 [Worker-27: Building] INFO  o.a.m.s.f.DefaultMavenResourcesFiltering - Copying 1 resource from src\main\resources to target\classes
2025-05-24 21:25:21,895 [Worker-27: Building] INFO  o.a.m.s.f.DefaultMavenResourcesFiltering - skip non existing resourceDirectory C:\Users\Aadi\Documents\workspace-spring-tool-suite-4-4.22.0.RELEASE\Patient Management\Patient-Services\src\test\resources
2025-05-24 21:27:55,776 [Worker-36: Building] INFO  o.a.m.s.f.DefaultMavenResourcesFiltering - Copying 1 resource from src\main\resources to target\classes
2025-05-24 21:27:55,787 [Worker-36: Building] INFO  o.a.m.s.f.DefaultMavenResourcesFiltering - Copying 1 resource from src\main\resources to target\classes
2025-05-24 21:27:55,799 [Worker-36: Building] INFO  o.a.m.s.f.DefaultMavenResourcesFiltering - skip non existing resourceDirectory C:\Users\Aadi\Documents\workspace-spring-tool-suite-4-4.22.0.RELEASE\Patient Management\Patient-Services\src\test\resources
2025-05-24 21:32:07,077 [Worker-34: Building] INFO  o.a.m.s.f.DefaultMavenResourcesFiltering - Copying 1 resource from src\main\resources to target\classes
2025-05-24 21:32:07,088 [Worker-34: Building] INFO  o.a.m.s.f.DefaultMavenResourcesFiltering - Copying 1 resource from src\main\resources to target\classes
2025-05-24 21:32:07,095 [Worker-34: Building] INFO  o.a.m.s.f.DefaultMavenResourcesFiltering - skip non existing resourceDirectory C:\Users\Aadi\Documents\workspace-spring-tool-suite-4-4.22.0.RELEASE\Patient Management\Patient-Services\src\test\resources
2025-05-24 21:35:19,718 [Worker-37: Building] INFO  o.a.m.s.f.DefaultMavenResourcesFiltering - Copying 1 resource from src\main\resources to target\classes
2025-05-24 21:35:19,731 [Worker-37: Building] INFO  o.a.m.s.f.DefaultMavenResourcesFiltering - Copying 1 resource from src\main\resources to target\classes
2025-05-24 21:35:19,739 [Worker-37: Building] INFO  o.a.m.s.f.DefaultMavenResourcesFiltering - skip non existing resourceDirectory C:\Users\Aadi\Documents\workspace-spring-tool-suite-4-4.22.0.RELEASE\Patient Management\Patient-Services\src\test\resources
2025-05-24 21:35:28,190 [Worker-36: Launching Patient-Services - PatientServicesApplication] INFO  o.a.m.s.f.DefaultMavenResourcesFiltering - Copying 1 resource from src\main\resources to target\classes
2025-05-24 21:35:28,202 [Worker-36: Launching Patient-Services - PatientServicesApplication] INFO  o.a.m.s.f.DefaultMavenResourcesFiltering - Copying 1 resource from src\main\resources to target\classes
2025-05-24 21:35:28,210 [Worker-36: Launching Patient-Services - PatientServicesApplication] INFO  o.a.m.s.f.DefaultMavenResourcesFiltering - skip non existing resourceDirectory C:\Users\Aadi\Documents\workspace-spring-tool-suite-4-4.22.0.RELEASE\Patient Management\Patient-Services\src\test\resources
2025-05-24 21:36:53,113 [Worker-38: Building] INFO  o.a.m.s.f.DefaultMavenResourcesFiltering - Copying 1 resource from src\main\resources to target\classes
2025-05-24 21:36:53,124 [Worker-38: Building] INFO  o.a.m.s.f.DefaultMavenResourcesFiltering - Copying 1 resource from src\main\resources to target\classes
2025-05-24 21:36:53,130 [Worker-38: Building] INFO  o.a.m.s.f.DefaultMavenResourcesFiltering - skip non existing resourceDirectory C:\Users\Aadi\Documents\workspace-spring-tool-suite-4-4.22.0.RELEASE\Patient Management\Patient-Services\src\test\resources
2025-05-24 21:37:28,952 [Worker-30: Building] INFO  o.a.m.s.f.DefaultMavenResourcesFiltering - Copying 1 resource from src\main\resources to target\classes
2025-05-24 21:37:28,958 [Worker-30: Building] INFO  o.a.m.s.f.DefaultMavenResourcesFiltering - Copying 1 resource from src\main\resources to target\classes
2025-05-24 21:37:28,963 [Worker-30: Building] INFO  o.a.m.s.f.DefaultMavenResourcesFiltering - skip non existing resourceDirectory C:\Users\Aadi\Documents\workspace-spring-tool-suite-4-4.22.0.RELEASE\Patient Management\Patient-Services\src\test\resources
2025-05-24 21:39:21,324 [Worker-30: Building] INFO  o.a.m.s.f.DefaultMavenResourcesFiltering - Copying 1 resource from src\main\resources to target\classes
2025-05-24 21:39:21,335 [Worker-30: Building] INFO  o.a.m.s.f.DefaultMavenResourcesFiltering - Copying 1 resource from src\main\resources to target\classes
2025-05-24 21:39:21,342 [Worker-30: Building] INFO  o.a.m.s.f.DefaultMavenResourcesFiltering - skip non existing resourceDirectory C:\Users\Aadi\Documents\workspace-spring-tool-suite-4-4.22.0.RELEASE\Patient Management\Patient-Services\src\test\resources
2025-05-24 21:59:43,310 [Worker-45: Building] INFO  o.a.m.s.f.DefaultMavenResourcesFiltering - Copying 1 resource from src\main\resources to target\classes
2025-05-24 21:59:43,345 [Worker-45: Building] INFO  o.a.m.s.f.DefaultMavenResourcesFiltering - Copying 1 resource from src\main\resources to target\classes
2025-05-24 21:59:43,352 [Worker-45: Building] INFO  o.a.m.s.f.DefaultMavenResourcesFiltering - skip non existing resourceDirectory C:\Users\Aadi\Documents\workspace-spring-tool-suite-4-4.22.0.RELEASE\Patient Management\Patient-Services\src\test\resources
2025-05-24 22:01:01,356 [Stop Help Server] INFO  org.eclipse.jetty.server.Server - Stopped oejs.Server@b6abaa{STOPPING}[12.0.6,sto=0]
2025-05-24 22:01:01,365 [Stop Help Server] INFO  o.e.jetty.server.AbstractConnector - Stopped ServerConnector@2beb07db{HTTP/1.1, (http/1.1)}{127.0.0.1:0}
2025-05-25 18:48:35,443 [Worker-2: Loading available Gradle versions] INFO  o.e.b.c.i.u.g.PublishedGradleVersions - Gradle version information cache is out-of-date. Trying to update.
2025-05-25 18:48:36,108 [Worker-2: Loading available Gradle versions] INFO  o.e.b.c.i.u.g.PublishedGradleVersions - Updating Gradle version information cache failed. Using outdated cache.
2025-05-25 18:50:13,865 [Worker-5: Building] INFO  o.a.m.s.f.DefaultMavenResourcesFiltering - Copying 1 resource from src\main\resources to target\classes
2025-05-25 18:50:13,888 [Worker-5: Building] INFO  o.a.m.s.f.DefaultMavenResourcesFiltering - Copying 1 resource from src\main\resources to target\classes
2025-05-25 18:50:13,896 [Worker-5: Building] INFO  o.a.m.s.f.DefaultMavenResourcesFiltering - skip non existing resourceDirectory C:\Users\Aadi\Documents\workspace-spring-tool-suite-4-4.22.0.RELEASE\Patient Management\Patient-Services\src\test\resources
2025-05-25 18:56:33,520 [Worker-17: Building] INFO  o.a.m.s.f.DefaultMavenResourcesFiltering - Copying 1 resource from src\main\resources to target\classes
2025-05-25 18:56:33,557 [Worker-17: Building] INFO  o.a.m.s.f.DefaultMavenResourcesFiltering - Copying 1 resource from src\main\resources to target\classes
2025-05-25 18:56:33,574 [Worker-17: Building] INFO  o.a.m.s.f.DefaultMavenResourcesFiltering - skip non existing resourceDirectory C:\Users\Aadi\Documents\workspace-spring-tool-suite-4-4.22.0.RELEASE\Patient Management\Patient-Services\src\test\resources
2025-05-25 18:56:40,850 [Start Help Server] INFO  org.eclipse.jetty.server.Server - jetty-12.0.6; built: 2024-01-30T02:43:24.387Z; git: 78ab6e6ba163f89cdd97f2ae0283fbb5e371cfaf; jvm 17.0.10+7
2025-05-25 18:56:40,948 [Start Help Server] INFO  o.e.j.server.handler.ContextHandler - Started oeje8n.ContextHandler$CoreContextHandler@3da7f140{/help,/help,b=null,a=AVAILABLE,h=oeje8n.ContextHandler$CoreContextHandler$CoreToNestedHandler@d0d21dc{STARTED}}
2025-05-25 18:56:40,949 [Start Help Server] INFO  o.e.j.s.DefaultSessionIdManager - Session workerName=node0
2025-05-25 18:56:40,994 [Start Help Server] INFO  o.e.jetty.server.AbstractConnector - Started ServerConnector@f679033{HTTP/1.1, (http/1.1)}{127.0.0.1:53001}
2025-05-25 18:56:41,022 [Start Help Server] INFO  org.eclipse.jetty.server.Server - Started oejs.Server@14cd6613{STARTING}[12.0.6,sto=0] @528238ms
2025-05-25 19:00:36,387 [Worker-12: Building] INFO  o.a.m.s.f.DefaultMavenResourcesFiltering - Copying 1 resource from src\main\resources to target\classes
2025-05-25 19:00:36,401 [Worker-12: Building] INFO  o.a.m.s.f.DefaultMavenResourcesFiltering - Copying 1 resource from src\main\resources to target\classes
2025-05-25 19:00:36,409 [Worker-12: Building] INFO  o.a.m.s.f.DefaultMavenResourcesFiltering - skip non existing resourceDirectory C:\Users\Aadi\Documents\workspace-spring-tool-suite-4-4.22.0.RELEASE\Patient Management\Patient-Services\src\test\resources
2025-05-25 19:04:02,999 [Worker-9: Building] INFO  o.a.m.s.f.DefaultMavenResourcesFiltering - Copying 1 resource from src\main\resources to target\classes
2025-05-25 19:04:03,011 [Worker-9: Building] INFO  o.a.m.s.f.DefaultMavenResourcesFiltering - Copying 1 resource from src\main\resources to target\classes
2025-05-25 19:04:03,020 [Worker-9: Building] INFO  o.a.m.s.f.DefaultMavenResourcesFiltering - skip non existing resourceDirectory C:\Users\Aadi\Documents\workspace-spring-tool-suite-4-4.22.0.RELEASE\Patient Management\Patient-Services\src\test\resources
2025-05-25 19:04:06,985 [Worker-17: Building] INFO  o.a.m.s.f.DefaultMavenResourcesFiltering - Copying 1 resource from src\main\resources to target\classes
2025-05-25 19:04:06,999 [Worker-17: Building] INFO  o.a.m.s.f.DefaultMavenResourcesFiltering - Copying 1 resource from src\main\resources to target\classes
2025-05-25 19:04:07,009 [Worker-17: Building] INFO  o.a.m.s.f.DefaultMavenResourcesFiltering - skip non existing resourceDirectory C:\Users\Aadi\Documents\workspace-spring-tool-suite-4-4.22.0.RELEASE\Patient Management\Patient-Services\src\test\resources
2025-05-25 19:04:20,361 [Worker-20: Building] INFO  o.a.m.s.f.DefaultMavenResourcesFiltering - Copying 1 resource from src\main\resources to target\classes
2025-05-25 19:04:20,372 [Worker-20: Building] INFO  o.a.m.s.f.DefaultMavenResourcesFiltering - Copying 1 resource from src\main\resources to target\classes
2025-05-25 19:04:20,384 [Worker-20: Building] INFO  o.a.m.s.f.DefaultMavenResourcesFiltering - skip non existing resourceDirectory C:\Users\Aadi\Documents\workspace-spring-tool-suite-4-4.22.0.RELEASE\Patient Management\Patient-Services\src\test\resources
2025-05-25 21:27:32,691 [Worker-6: Loading available Gradle versions] INFO  o.e.b.c.i.u.g.PublishedGradleVersions - Gradle version information cache is out-of-date. Trying to update.
2025-05-25 21:27:33,283 [Worker-6: Loading available Gradle versions] INFO  o.e.b.c.i.u.g.PublishedGradleVersions - Updating Gradle version information cache failed. Using outdated cache.
2025-05-25 21:28:27,344 [Worker-4: Building] INFO  o.a.m.s.f.DefaultMavenResourcesFiltering - Copying 1 resource from src\main\resources to target\classes
2025-05-25 21:28:27,382 [Worker-4: Building] INFO  o.a.m.s.f.DefaultMavenResourcesFiltering - Copying 1 resource from src\main\resources to target\classes
2025-05-25 21:28:27,391 [Worker-4: Building] INFO  o.a.m.s.f.DefaultMavenResourcesFiltering - skip non existing resourceDirectory C:\Users\Aadi\Documents\workspace-spring-tool-suite-4-4.22.0.RELEASE\Patient Management\Patient-Services\src\test\resources
2025-05-25 21:32:34,028 [Start Help Server] INFO  org.eclipse.jetty.server.Server - jetty-12.0.6; built: 2024-01-30T02:43:24.387Z; git: 78ab6e6ba163f89cdd97f2ae0283fbb5e371cfaf; jvm 17.0.10+7
2025-05-25 21:32:34,191 [Start Help Server] INFO  o.e.j.server.handler.ContextHandler - Started oeje8n.ContextHandler$CoreContextHandler@1cf2ef39{/help,/help,b=null,a=AVAILABLE,h=oeje8n.ContextHandler$CoreContextHandler$CoreToNestedHandler@623ac02f{STARTED}}
2025-05-25 21:32:34,192 [Start Help Server] INFO  o.e.j.s.DefaultSessionIdManager - Session workerName=node0
2025-05-25 21:32:34,254 [Start Help Server] INFO  o.e.jetty.server.AbstractConnector - Started ServerConnector@76f4db8c{HTTP/1.1, (http/1.1)}{127.0.0.1:53437}
2025-05-25 21:32:34,289 [Start Help Server] INFO  org.eclipse.jetty.server.Server - Started oejs.Server@306e6a5a{STARTING}[12.0.6,sto=0] @639870ms
2025-05-25 21:41:04,293 [Worker-17: Building] INFO  o.a.m.s.f.DefaultMavenResourcesFiltering - Copying 1 resource from src\main\resources to target\classes
2025-05-25 21:41:04,308 [Worker-17: Building] INFO  o.a.m.s.f.DefaultMavenResourcesFiltering - Copying 1 resource from src\main\resources to target\classes
2025-05-25 21:41:04,321 [Worker-17: Building] INFO  o.a.m.s.f.DefaultMavenResourcesFiltering - skip non existing resourceDirectory C:\Users\Aadi\Documents\workspace-spring-tool-suite-4-4.22.0.RELEASE\Patient Management\Patient-Services\src\test\resources
2025-05-25 21:44:47,870 [Worker-20: Building] INFO  o.a.m.s.f.DefaultMavenResourcesFiltering - Copying 1 resource from src\main\resources to target\classes
2025-05-25 21:44:47,879 [Worker-20: Building] INFO  o.a.m.s.f.DefaultMavenResourcesFiltering - Copying 1 resource from src\main\resources to target\classes
2025-05-25 21:44:47,888 [Worker-20: Building] INFO  o.a.m.s.f.DefaultMavenResourcesFiltering - skip non existing resourceDirectory C:\Users\Aadi\Documents\workspace-spring-tool-suite-4-4.22.0.RELEASE\Patient Management\Patient-Services\src\test\resources
2025-05-25 21:46:23,661 [Worker-18: Building] INFO  o.a.m.s.f.DefaultMavenResourcesFiltering - Copying 1 resource from src\main\resources to target\classes
2025-05-25 21:46:23,668 [Worker-18: Building] INFO  o.a.m.s.f.DefaultMavenResourcesFiltering - Copying 1 resource from src\main\resources to target\classes
2025-05-25 21:46:23,675 [Worker-18: Building] INFO  o.a.m.s.f.DefaultMavenResourcesFiltering - skip non existing resourceDirectory C:\Users\Aadi\Documents\workspace-spring-tool-suite-4-4.22.0.RELEASE\Patient Management\Patient-Services\src\test\resources
2025-05-25 21:50:58,534 [Worker-18: Building] INFO  o.a.m.s.f.DefaultMavenResourcesFiltering - Copying 1 resource from src\main\resources to target\classes
2025-05-25 21:50:58,544 [Worker-18: Building] INFO  o.a.m.s.f.DefaultMavenResourcesFiltering - Copying 1 resource from src\main\resources to target\classes
2025-05-25 21:50:58,550 [Worker-18: Building] INFO  o.a.m.s.f.DefaultMavenResourcesFiltering - skip non existing resourceDirectory C:\Users\Aadi\Documents\workspace-spring-tool-suite-4-4.22.0.RELEASE\Patient Management\Patient-Services\src\test\resources
2025-05-25 21:52:31,957 [Worker-21: Building] INFO  o.a.m.s.f.DefaultMavenResourcesFiltering - Copying 1 resource from src\main\resources to target\classes
2025-05-25 21:52:31,968 [Worker-21: Building] INFO  o.a.m.s.f.DefaultMavenResourcesFiltering - Copying 1 resource from src\main\resources to target\classes
2025-05-25 21:52:31,979 [Worker-21: Building] INFO  o.a.m.s.f.DefaultMavenResourcesFiltering - skip non existing resourceDirectory C:\Users\Aadi\Documents\workspace-spring-tool-suite-4-4.22.0.RELEASE\Patient Management\Patient-Services\src\test\resources
2025-05-25 23:17:01,538 [Worker-23: Building] INFO  o.a.m.s.f.DefaultMavenResourcesFiltering - Copying 1 resource from src\main\resources to target\classes
2025-05-25 23:17:01,550 [Worker-23: Building] INFO  o.a.m.s.f.DefaultMavenResourcesFiltering - Copying 1 resource from src\main\resources to target\classes
2025-05-25 23:17:01,556 [Worker-23: Building] INFO  o.a.m.s.f.DefaultMavenResourcesFiltering - skip non existing resourceDirectory C:\Users\Aadi\Documents\workspace-spring-tool-suite-4-4.22.0.RELEASE\Patient Management\Patient-Services\src\test\resources
2025-05-26 20:29:26,854 [Worker-37: Building] INFO  o.a.m.s.f.DefaultMavenResourcesFiltering - Copying 1 resource from src\main\resources to target\classes
2025-05-26 20:29:26,887 [Worker-37: Building] INFO  o.a.m.s.f.DefaultMavenResourcesFiltering - Copying 1 resource from src\main\resources to target\classes
2025-05-26 20:29:26,899 [Worker-37: Building] INFO  o.a.m.s.f.DefaultMavenResourcesFiltering - skip non existing resourceDirectory C:\Users\Aadi\Documents\workspace-spring-tool-suite-4-4.22.0.RELEASE\Patient Management\Patient-Services\src\test\resources
2025-05-26 20:37:16,705 [Worker-40: Building] INFO  o.a.m.s.f.DefaultMavenResourcesFiltering - Copying 1 resource from src\main\resources to target\classes
2025-05-26 20:37:16,715 [Worker-40: Building] INFO  o.a.m.s.f.DefaultMavenResourcesFiltering - Copying 1 resource from src\main\resources to target\classes
2025-05-26 20:37:16,721 [Worker-40: Building] INFO  o.a.m.s.f.DefaultMavenResourcesFiltering - skip non existing resourceDirectory C:\Users\Aadi\Documents\workspace-spring-tool-suite-4-4.22.0.RELEASE\Patient Management\Patient-Services\src\test\resources
2025-05-26 20:45:20,141 [Worker-37: Building] INFO  o.a.m.s.f.DefaultMavenResourcesFiltering - Copying 1 resource from src\main\resources to target\classes
2025-05-26 20:45:20,156 [Worker-37: Building] INFO  o.a.m.s.f.DefaultMavenResourcesFiltering - Copying 1 resource from src\main\resources to target\classes
2025-05-26 20:45:20,165 [Worker-37: Building] INFO  o.a.m.s.f.DefaultMavenResourcesFiltering - skip non existing resourceDirectory C:\Users\Aadi\Documents\workspace-spring-tool-suite-4-4.22.0.RELEASE\Patient Management\Patient-Services\src\test\resources
2025-05-26 20:47:44,522 [Worker-46: Building] INFO  o.a.m.s.f.DefaultMavenResourcesFiltering - Copying 1 resource from src\main\resources to target\classes
2025-05-26 20:47:44,534 [Worker-46: Building] INFO  o.a.m.s.f.DefaultMavenResourcesFiltering - Copying 1 resource from src\main\resources to target\classes
2025-05-26 20:47:44,542 [Worker-46: Building] INFO  o.a.m.s.f.DefaultMavenResourcesFiltering - skip non existing resourceDirectory C:\Users\Aadi\Documents\workspace-spring-tool-suite-4-4.22.0.RELEASE\Patient Management\Patient-Services\src\test\resources
2025-05-26 20:48:18,242 [Worker-46: Building] INFO  o.a.m.s.f.DefaultMavenResourcesFiltering - Copying 1 resource from src\main\resources to target\classes
2025-05-26 20:48:18,255 [Worker-46: Building] INFO  o.a.m.s.f.DefaultMavenResourcesFiltering - Copying 1 resource from src\main\resources to target\classes
2025-05-26 20:48:18,263 [Worker-46: Building] INFO  o.a.m.s.f.DefaultMavenResourcesFiltering - skip non existing resourceDirectory C:\Users\Aadi\Documents\workspace-spring-tool-suite-4-4.22.0.RELEASE\Patient Management\Patient-Services\src\test\resources
2025-05-26 20:51:21,265 [Worker-46: Building] INFO  o.a.m.s.f.DefaultMavenResourcesFiltering - Copying 1 resource from src\main\resources to target\classes
2025-05-26 20:51:21,274 [Worker-46: Building] INFO  o.a.m.s.f.DefaultMavenResourcesFiltering - Copying 1 resource from src\main\resources to target\classes
2025-05-26 20:51:21,281 [Worker-46: Building] INFO  o.a.m.s.f.DefaultMavenResourcesFiltering - skip non existing resourceDirectory C:\Users\Aadi\Documents\workspace-spring-tool-suite-4-4.22.0.RELEASE\Patient Management\Patient-Services\src\test\resources
2025-05-26 20:53:02,756 [Worker-45: Building] INFO  o.a.m.s.f.DefaultMavenResourcesFiltering - Copying 1 resource from src\main\resources to target\classes
2025-05-26 20:53:02,764 [Worker-45: Building] INFO  o.a.m.s.f.DefaultMavenResourcesFiltering - Copying 1 resource from src\main\resources to target\classes
2025-05-26 20:53:02,768 [Worker-45: Building] INFO  o.a.m.s.f.DefaultMavenResourcesFiltering - skip non existing resourceDirectory C:\Users\Aadi\Documents\workspace-spring-tool-suite-4-4.22.0.RELEASE\Patient Management\Patient-Services\src\test\resources
2025-05-26 20:53:06,618 [Worker-46: Building] INFO  o.a.m.s.f.DefaultMavenResourcesFiltering - Copying 1 resource from src\main\resources to target\classes
2025-05-26 20:53:06,627 [Worker-46: Building] INFO  o.a.m.s.f.DefaultMavenResourcesFiltering - Copying 1 resource from src\main\resources to target\classes
2025-05-26 20:53:06,636 [Worker-46: Building] INFO  o.a.m.s.f.DefaultMavenResourcesFiltering - skip non existing resourceDirectory C:\Users\Aadi\Documents\workspace-spring-tool-suite-4-4.22.0.RELEASE\Patient Management\Patient-Services\src\test\resources
2025-05-26 21:00:13,492 [Worker-51: Building] INFO  o.a.m.s.f.DefaultMavenResourcesFiltering - Copying 1 resource from src\main\resources to target\classes
2025-05-26 21:00:13,505 [Worker-51: Building] INFO  o.a.m.s.f.DefaultMavenResourcesFiltering - Copying 1 resource from src\main\resources to target\classes
2025-05-26 21:00:13,509 [Worker-51: Building] INFO  o.a.m.s.f.DefaultMavenResourcesFiltering - skip non existing resourceDirectory C:\Users\Aadi\Documents\workspace-spring-tool-suite-4-4.22.0.RELEASE\Patient Management\Patient-Services\src\test\resources
2025-05-26 21:00:20,365 [Worker-55: Building] INFO  o.a.m.s.f.DefaultMavenResourcesFiltering - Copying 1 resource from src\main\resources to target\classes
2025-05-26 21:00:20,406 [Worker-55: Building] INFO  o.a.m.s.f.DefaultMavenResourcesFiltering - Copying 1 resource from src\main\resources to target\classes
2025-05-26 21:00:20,423 [Worker-55: Building] INFO  o.a.m.s.f.DefaultMavenResourcesFiltering - skip non existing resourceDirectory C:\Users\Aadi\Documents\workspace-spring-tool-suite-4-4.22.0.RELEASE\Patient Management\Patient-Services\src\test\resources
2025-05-26 21:00:23,678 [Worker-55: Building] INFO  o.a.m.s.f.DefaultMavenResourcesFiltering - Copying 1 resource from src\main\resources to target\classes
2025-05-26 21:00:23,690 [Worker-55: Building] INFO  o.a.m.s.f.DefaultMavenResourcesFiltering - Copying 1 resource from src\main\resources to target\classes
2025-05-26 21:00:23,697 [Worker-55: Building] INFO  o.a.m.s.f.DefaultMavenResourcesFiltering - skip non existing resourceDirectory C:\Users\Aadi\Documents\workspace-spring-tool-suite-4-4.22.0.RELEASE\Patient Management\Patient-Services\src\test\resources
2025-05-26 21:03:10,331 [Worker-55: Building] INFO  o.a.m.s.f.DefaultMavenResourcesFiltering - Copying 1 resource from src\main\resources to target\classes
2025-05-26 21:03:10,342 [Worker-55: Building] INFO  o.a.m.s.f.DefaultMavenResourcesFiltering - Copying 1 resource from src\main\resources to target\classes
2025-05-26 21:03:10,347 [Worker-55: Building] INFO  o.a.m.s.f.DefaultMavenResourcesFiltering - skip non existing resourceDirectory C:\Users\Aadi\Documents\workspace-spring-tool-suite-4-4.22.0.RELEASE\Patient Management\Patient-Services\src\test\resources
2025-05-26 21:04:03,934 [Worker-57: Building] INFO  o.a.m.s.f.DefaultMavenResourcesFiltering - Copying 1 resource from src\main\resources to target\classes
2025-05-26 21:04:03,944 [Worker-57: Building] INFO  o.a.m.s.f.DefaultMavenResourcesFiltering - Copying 1 resource from src\main\resources to target\classes
2025-05-26 21:04:03,950 [Worker-57: Building] INFO  o.a.m.s.f.DefaultMavenResourcesFiltering - skip non existing resourceDirectory C:\Users\Aadi\Documents\workspace-spring-tool-suite-4-4.22.0.RELEASE\Patient Management\Patient-Services\src\test\resources
2025-05-26 21:06:05,128 [Worker-55: Building] INFO  o.a.m.s.f.DefaultMavenResourcesFiltering - Copying 1 resource from src\main\resources to target\classes
2025-05-26 21:06:05,135 [Worker-55: Building] INFO  o.a.m.s.f.DefaultMavenResourcesFiltering - Copying 1 resource from src\main\resources to target\classes
2025-05-26 21:06:05,140 [Worker-55: Building] INFO  o.a.m.s.f.DefaultMavenResourcesFiltering - skip non existing resourceDirectory C:\Users\Aadi\Documents\workspace-spring-tool-suite-4-4.22.0.RELEASE\Patient Management\Patient-Services\src\test\resources
2025-05-26 21:13:12,803 [Worker-61: Building] INFO  o.a.m.s.f.DefaultMavenResourcesFiltering - Copying 1 resource from src\main\resources to target\classes
2025-05-26 21:13:12,836 [Worker-61: Building] INFO  o.a.m.s.f.DefaultMavenResourcesFiltering - Copying 1 resource from src\main\resources to target\classes
2025-05-26 21:13:12,843 [Worker-61: Building] INFO  o.a.m.s.f.DefaultMavenResourcesFiltering - skip non existing resourceDirectory C:\Users\Aadi\Documents\workspace-spring-tool-suite-4-4.22.0.RELEASE\Patient Management\Patient-Services\src\test\resources
2025-05-26 21:13:29,938 [Worker-62: Building] INFO  o.a.m.s.f.DefaultMavenResourcesFiltering - Copying 1 resource from src\main\resources to target\classes
2025-05-26 21:13:29,963 [Worker-62: Building] INFO  o.a.m.s.f.DefaultMavenResourcesFiltering - Copying 1 resource from src\main\resources to target\classes
2025-05-26 21:13:29,976 [Worker-62: Building] INFO  o.a.m.s.f.DefaultMavenResourcesFiltering - skip non existing resourceDirectory C:\Users\Aadi\Documents\workspace-spring-tool-suite-4-4.22.0.RELEASE\Patient Management\Patient-Services\src\test\resources
2025-05-26 21:13:54,589 [Worker-51: Building] INFO  o.a.m.s.f.DefaultMavenResourcesFiltering - Copying 1 resource from src\main\resources to target\classes
2025-05-26 21:13:54,603 [Worker-51: Building] INFO  o.a.m.s.f.DefaultMavenResourcesFiltering - Copying 1 resource from src\main\resources to target\classes
2025-05-26 21:13:54,610 [Worker-51: Building] INFO  o.a.m.s.f.DefaultMavenResourcesFiltering - skip non existing resourceDirectory C:\Users\Aadi\Documents\workspace-spring-tool-suite-4-4.22.0.RELEASE\Patient Management\Patient-Services\src\test\resources
2025-05-26 21:14:29,535 [Worker-47: Building] INFO  o.a.m.s.f.DefaultMavenResourcesFiltering - Copying 1 resource from src\main\resources to target\classes
2025-05-26 21:14:29,553 [Worker-47: Building] INFO  o.a.m.s.f.DefaultMavenResourcesFiltering - Copying 1 resource from src\main\resources to target\classes
2025-05-26 21:14:29,559 [Worker-47: Building] INFO  o.a.m.s.f.DefaultMavenResourcesFiltering - skip non existing resourceDirectory C:\Users\Aadi\Documents\workspace-spring-tool-suite-4-4.22.0.RELEASE\Patient Management\Patient-Services\src\test\resources
2025-05-26 21:17:23,222 [Worker-47: Building] INFO  o.a.m.s.f.DefaultMavenResourcesFiltering - Copying 1 resource from src\main\resources to target\classes
2025-05-26 21:17:23,230 [Worker-47: Building] INFO  o.a.m.s.f.DefaultMavenResourcesFiltering - Copying 1 resource from src\main\resources to target\classes
2025-05-26 21:17:23,237 [Worker-47: Building] INFO  o.a.m.s.f.DefaultMavenResourcesFiltering - skip non existing resourceDirectory C:\Users\Aadi\Documents\workspace-spring-tool-suite-4-4.22.0.RELEASE\Patient Management\Patient-Services\src\test\resources
2025-05-26 21:24:48,758 [Worker-51: Building] INFO  o.a.m.s.f.DefaultMavenResourcesFiltering - Copying 1 resource from src\main\resources to target\classes
2025-05-26 21:24:48,772 [Worker-51: Building] INFO  o.a.m.s.f.DefaultMavenResourcesFiltering - Copying 1 resource from src\main\resources to target\classes
2025-05-26 21:24:48,778 [Worker-51: Building] INFO  o.a.m.s.f.DefaultMavenResourcesFiltering - skip non existing resourceDirectory C:\Users\Aadi\Documents\workspace-spring-tool-suite-4-4.22.0.RELEASE\Patient Management\Patient-Services\src\test\resources
